{"tool":"phpunit","result":"failed","tests":113,"passed":110,"assertions":590,"duration_ms":16706,"failed":2,"failures":[{"test":"Tests\\Feature\\Reader\\ReaderAnimationContractTest::test_flip_reader_has_directional_page_sheet_animation_and_cleanup","file":"D:\\2026\\E- ABSEN\\Perpustakaan\\tests\\Feature\\Reader\\ReaderAnimationContractTest.php","line":9,"message":"Failed asserting that 'import { PageFlip } from 'page-flip';\\n\n\\n\nconst root = document.querySelector('[data-reader-root]');\\n\n\\n\nif (root) {\\n\n const state = {\\n\n pdf: null,\\n\n page: Number((root.dataset.explicitPage === 'true' ? root.dataset.initialPage : root.dataset.savedPage) || root.dataset.initialPage || 1),\\n\n total: Number(root.dataset.totalPages || 1),\\n\n zoom: 1,\\n\n fit: 'page',\\n\n mode: 'flip',\\n\n spread: !window.matchMedia('(max-width: 767px)').matches,\\n\n spreadPreference: null,\\n\n reduced: window.matchMedia('(prefers-reduced-motion: reduce)').matches,\\n\n sidebar: false,\\n\n renderedScroll: new Map(),\\n\n pagePromises: new Map(),\\n\n bookmarks: JSON.parse(document.querySelector('#reader-bookmarks-data')?.textContent || '[]'),\\n\n startedAt: Date.now(),\\n\n lastProgressAt: Date.now(),\\n\n lastAnalyticsAt: Date.now(),\\n\n readerSession: sessionStorage.getItem('reader:session') || (crypto.randomUUID?.() || `${Date.now()}-${Math.random().toString(36).slice(2)}`),\\n\n pageFlip: null,\\n\n };\\n\n\\n\n const $ = (selector, scope = root) => scope.querySelector(selector);\\n\n const $$ = (selector, scope = root) => [..scope.querySelectorAll(selector)];\\n\n const loading = $('[data-loading]');\\n\n const errorBox = $('[data-error]');\\n\n const flipViewport = $('[data-flip-viewport]');\\n\n const scrollViewport = $('[data-scroll-viewport]');\\n\n const sidebar = $('#reader-sidebar');\\n\n const stage = $('#reader-stage');\\n\n const pageInput = $('[data-page-input]');\\n\n const zoomRange = $('[data-zoom-range]');\\n\n const filmstripTrack = $('[data-filmstrip-track]');\\n\n const toast = $('[data-toast]');\\n\n const sidebarToggle = $('[data-action=\"toggle-sidebar\"]');\\n\n const moreMenu = $('[data-more-menu]');\\n\n const moreButton = $('[data-action=\"more\"]');\\n\n const csrf = document.querySelector('meta[name=\"csrf-token\"]')?.content;\\n\n let toastTimer;\\n\n let progressTimer;\\n\n let scrollObserver;\\n\n let scrollNavigationUntil = 0;\\n\n let scrollAlignmentTimers = [];\\n\n let pageTurnCleanupTimer;\\n\n\\n\n root.classList.toggle('sidebar-closed', !state.sidebar);\\n\n sidebar.inert = !state.sidebar;\\n\n sidebar.setAttribute('aria-hidden', String(!state.sidebar));\\n\n root.classList.toggle('reduce-motion', state.reduced);\\n\n sessionStorage.setItem('reader:session', state.readerSession);\\n\n\\n\n const icons = {\\n\n bookmark: '<svg viewBox=\"0 0 24 24\" aria-hidden=\"true\"><path d=\"M6 3h12v18l-6-4-6 4z\"/></svg>',\\n\n };\\n\n\\n\n function notify(message) {\\n\n clearTimeout(toastTimer);\\n\n toast.textContent = message;\\n\n toast.hidden = false;\\n\n requestAnimationFrame(() => toast.classList.add('is-visible'));\\n\n toastTimer = setTimeout(() => {\\n\n toast.classList.remove('is-visible');\\n\n setTimeout(() => { toast.hidden = true; }, 180);\\n\n }, 2600);\\n\n }\\n\n\\n\n function showError(error) {\\n\n loading.hidden = true;\\n\n flipViewport.hidden = true;\\n\n scrollViewport.hidden = true;\\n\n errorBox.hidden = false;\\n\n $('[data-error-message]').textContent = error?.message || 'Periksa koneksi lalu coba kembali.';\\n\n }\\n\n\\n\n async function api(url, options = {}) {\\n\n const response = await fetch(url, {\\n\n credentials: 'same-origin',\\n\n headers: {'Accept': 'application/json', 'Content-Type': 'application/json', 'X-CSRF-TOKEN': csrf, ..options.headers},\\n\n ..options,\\n\n });\\n\n if (!response.ok) throw new Error(response.status === 401 ? 'Silakan masuk sebagai anggota.' : 'Perubahan tidak dapat disimpan.');\\n\n return response.status === 204 ? null : response.json();\\n\n }\\n\n\\n\n async function getPage(number) {\\n\n if (!state.pagePromises.has(number)) state.pagePromises.set(number, state.pdf.getPage(number));\\n\n return state.pagePromises.get(number);\\n\n }\\n\n\\n\n function availableScale(page, spread = false) {\\n\n const base = page.getViewport({scale: 1});\\n\n const compact = window.matchMedia('(max-width: 767px)').matches;\\n\n const width = Math.max(240, stage.clientWidth - (compact ? 52 : 184)) / (spread ? 2 : 1);\\n\n const height = Math.max(280, stage.clientHeight - (compact ? 20 : 32));\\n\n const fitWidth = (width - (compact ? 2 : 10)) / base.width;\\n\n const fitPage = Math.min(fitWidth, height / base.height);\\n\n return (state.fit === 'width' ? fitWidth : fitPage) * state.zoom;\\n\n }\\n\n\\n\n async function canvasForPage(number, context = 'page') {\\n\n const page = await getPage(number);\\n\n const scale = context === 'thumbnail' ? 0.2 : availableScale(page, context === 'spread');\\n\n const viewport = page.getViewport({scale: Math.max(0.1, scale)});\\n\n const ratio = Math.min(window.devicePixelRatio || 1, 2);\\n\n const canvas = document.createElement('canvas');\\n\n canvas.width = Math.floor(viewport.width * ratio);\\n\n canvas.height = Math.floor(viewport.height * ratio);\\n\n canvas.style.width = `${Math.floor(viewport.width)}px`;\\n\n canvas.style.height = `${Math.floor(viewport.height)}px`;\\n\n canvas.setAttribute('aria-label', `Halaman ${number}`);\\n\n const context2d = canvas.getContext('2d', {alpha: false});\\n\n await page.render({canvasContext: context2d, viewport, transform: ratio === 1 ? null : [ratio, 0, 0, ratio, 0, 0]}).promise;\\n\n return canvas;\\n\n }\\n\n\\n\n function updateChrome() {\\n\n pageInput.value = state.page;\\n\n $('[data-page-total]').textContent = state.total;\\n\n $('[data-status-text]').textContent = `Halaman ${state.page} dari ${state.total}`;\\n\n $('[data-mode-label]').textContent = state.mode === 'flip' ? `Mode flip \u00b7 ${state.spread ? 'dua halaman' : 'satu halaman'}` : 'Mode scroll';\\n\n $('[data-zoom-label]').textContent = `${Math.round(state.zoom * 100)}%`;\\n\n zoomRange.value = Math.round(state.zoom * 100);\\n\n const lastVisiblePage = state.mode === 'flip' && state.spread ? Math.min(state.total, state.page + 1) : state.page;\\n\n const canPrevious = state.page > 1;\\n\n const canNext = lastVisiblePage < state.total;\\n\n $$('[data-action=\"previous\"]').forEach(button => { button.disabled = !canPrevious; });\\n\n $$('[data-action=\"next\"]').forEach(button => { button.disabled = !canNext; });\\n\n const url = new URL(window.location.href);\\n\n url.searchParams.set('page', state.page);\\n\n history.replaceState({}, '', url);\\n\n localStorage.setItem(`reader:last-page:${root.dataset.bookSlug}`, String(state.page));\\n\n $$('.filmstrip-thumbnail').forEach(item => item.classList.toggle('is-current', Number(item.dataset.page) === state.page));\\n\n scrollCurrentThumbnailIntoView();\\n\n }\\n\n\\n\n function scrollCurrentThumbnailIntoView() {\\n\n const current = $('.filmstrip-thumbnail.is-current', filmstripTrack);\\n\n current?.scrollIntoView({behavior: state.reduced ? 'auto' : 'smooth', block: 'nearest', inline: 'center'});\\n\n }\\n\n\\n\n async function initFlipBook() {\\n\n if (state.pageFlip) {\\n\n state.pageFlip.destroy();\\n\n state.pageFlip = null;\\n\n }\\n\n flipViewport.hidden = false;\\n\n scrollViewport.hidden = true;\\n\n\\n\n const compact = window.matchMedia('(max-width: 767px)').matches;\\n\n const stageWidth = stage.clientWidth;\\n\n const stageHeight = stage.clientHeight;\\n\n const basePage = await getPage(1);\\n\n const baseViewport = basePage.getViewport({scale: 1});\\n\n const availableWidth = Math.max(240, stageWidth - (compact ? 52 : 184)) / (state.spread ? 2 : 1);\\n\n const availableHeight = Math.max(280, stageHeight - (compact ? 20 : 32));\\n\n const fitWidthScale = (availableWidth - (compact ? 2 : 10)) / baseViewport.width;\\n\n const fitPageScale = Math.min(fitWidthScale, availableHeight / baseViewport.height);\\n\n const scale = Math.max(0.1, (state.fit === 'width' ? fitWidthScale : fitPageScale) * state.zoom);\\n\n const pageWidth = Math.max(200, Math.floor(baseViewport.width * scale));\\n\n const pageHeight = Math.max(280, Math.floor(baseViewport.height * scale));\\n\n\\n\n const bookEl = document.createElement('div');\\n\n bookEl.className = 'flip-book';\\n\n\\n\n for (let i = 1; i <= state.total; i++) {\\n\n const pageEl = document.createElement('div');\\n\n pageEl.className = 'flip-page';\\n\n pageEl.dataset.page = i;\\n\n try {\\n\n const canvas = await canvasForPage(i, state.spread ? 'spread' : 'page');\\n\n const img = document.createElement('img');\\n\n img.src = canvas.toDataURL('image/jpeg', 0.92);\\n\n img.alt = `Halaman ${i}`;\\n\n img.draggable = false;\\n\n pageEl.appendChild(img);\\n\n } catch {\\n\n pageEl.innerHTML = `<span class=\"page-failed\">Halaman ${i} gagal dimuat.</span>`;\\n\n }\\n\n bookEl.appendChild(pageEl);\\n\n }\\n\n\\n\n flipViewport.innerHTML = '';\\n\n flipViewport.appendChild(bookEl);\\n\n\\n\n state.pageFlip = new PageFlip(bookEl, {\\n\n width: pageWidth,\\n\n height: pageHeight,\\n\n size: 'stretch',\\n\n minWidth: 200,\\n\n maxWidth: Math.max(200, stageWidth),\\n\n minHeight: 280,\\n\n maxHeight: stageHeight,\\n\n maxShadowOpacity: 0.45,\\n\n showCover: false,\\n\n mobileScrollSupport: false,\\n\n flippingTime: 800,\\n\n usePortrait: !state.spread,\\n\n startPage: Math.max(0, Math.min(state.page - 1, state.total - 1)),\\n\n drawShadow: true,\\n\n });\\n\n\\n\n state.flipBookSpread = state.spread;\\n\n\\n\n state.pageFlip.loadFromHTML(bookEl.querySelectorAll('.flip-page'));\\n\n state.pageFlip.on('flip', (e) => {\\n\n if (!state.pageFlip) return;\\n\n state.page = e.data + 1;\\n\n updateChrome();\\n\n scheduleProgress();\\n\n });\\n\n\\n\n updateChrome();\\n\n }\\n\n\\n\n function setupScrollPages() {\\n\n scrollViewport.replaceChildren();\\n\n for (let number = 1; number <= state.total; number++) {\\n\n const page = document.createElement('article');\\n\n page.className = 'scroll-page';\\n\n page.dataset.page = number;\\n\n page.innerHTML = `<span class=\"page-loading\">Halaman ${number}</span>`;\\n\n scrollViewport.append(page);\\n\n }\\n\n scrollObserver?.disconnect();\\n\n scrollObserver = new IntersectionObserver(entries => {\\n\n entries.forEach(entry => {\\n\n const number = Number(entry.target.dataset.page);\\n\n if (entry.isIntersecting) {\\n\n renderScrollPage(number, entry.target);\\n\n if (Date.now() >= scrollNavigationUntil && entry.intersectionRatio > 0.55 && state.page !== number) {\\n\n state.page = number;\\n\n updateChrome();\\n\n }\\n\n } else if (Math.abs(number - state.page) > 4 && state.renderedScroll.has(number)) {\\n\n entry.target.innerHTML = `<span class=\"page-loading\">Halaman ${number}</span>`;\\n\n state.renderedScroll.delete(number);\\n\n }\\n\n });\\n\n }, {root: scrollViewport, rootMargin: '50% 0px', threshold: [0.01, 0.55]});\\n\n $$('.scroll-page', scrollViewport).forEach(page => scrollObserver.observe(page));\\n\n }\\n\n\\n\n async function renderScrollPage(number, container) {\\n\n if (state.renderedScroll.has(number)) return;\\n\n state.renderedScroll.set(number, true);\\n\n try {\\n\n const canvas = await canvasForPage(number, 'page');\\n\n container.replaceChildren(canvas);\\n\n } catch {\\n\n state.renderedScroll.delete(number);\\n\n container.innerHTML = `<p class=\"page-failed\">Halaman ${number} gagal dimuat.</p>`;\\n\n }\\n\n }\\n\n\\n\n async function showMode(scrollToPage = false) {\\n\n if (state.mode === 'scroll') {\\n\n state.pageFlip?.destroy();\\n\n state.pageFlip = null;\\n\n state.flipBookSpread = null;\\n\n flipViewport.hidden = true;\\n\n scrollViewport.hidden = false;\\n\n if (!scrollViewport.children.length) setupScrollPages();\\n\n if (scrollToPage) {\\n\n scheduleScrollAlignment(state.page);\\n\n }\\n\n updateChrome();\\n\n } else {\\n\n scrollObserver?.disconnect();\\n\n const needsReinit = !state.pageFlip || state.flipBookSpread !== state.spread;\\n\n if (needsReinit) {\\n\n state.pageFlip?.destroy();\\n\n state.pageFlip = null;\\n\n await initFlipBook();\\n\n } else {\\n\n flipViewport.hidden = false;\\n\n scrollViewport.hidden = true;\\n\n state.pageFlip.getCurrentPageIndex().then((index) => {\\n\n if (index + 1 !== state.page) {\\n\n state.pageFlip.flip(state.page - 1);\\n\n }\\n\n });\\n\n }\\n\n }\\n\n }\\n\n\\n\n async function goToPage(page, direction = 'none') {\\n\n page = Math.max(1, Math.min(Number(page) || 1, state.total));\\n\n if (state.page === page && direction === 'none') return;\\n\n state.page = page;\\n\n updateChrome();\\n\n if (state.mode === 'scroll') {\\n\n scheduleScrollAlignment(state.page, !state.reduced);\\n\n } else if (state.pageFlip) {\\n\n await state.pageFlip.flip(state.page - 1);\\n\n }\\n\n scheduleProgress();\\n\n }\\n\n\\n\n function scheduleScrollAlignment(page, smoothFirst = false) {\\n\n scrollAlignmentTimers.forEach(clearTimeout);\\n\n scrollAlignmentTimers = [];\\n\n scrollNavigationUntil = Date.now() + 2600;\\n\n [0, 250, 750, 1500, 2400].forEach((delay, index) => {\\n\n scrollAlignmentTimers.push(setTimeout(() => {\\n\n if (state.page !== page || state.mode !== 'scroll') return;\\n\n scrollViewport.querySelector(`[data-page=\"${page}\"]`)?.scrollIntoView({behavior: smoothFirst && index === 0 ? 'smooth' : 'auto', block: 'start'});\\n\n }, delay));\\n\n });\\n\n }\\n\n\\n\n function setupThumbnails() {\\n\n const list = $('[data-thumbnail-list]');\\n\n const observer = new IntersectionObserver(entries => entries.forEach(async entry => {\\n\n if (!entry.isIntersecting || entry.target.dataset.rendered) return;\\n\n entry.target.dataset.rendered = 'true';\\n\n const number = Number(entry.target.dataset.page);\\n\n try {\\n\n const canvas = await canvasForPage(number, 'thumbnail');\\n\n $('.thumbnail-canvas', entry.target).replaceChildren(canvas);\\n\n } catch { $('.thumbnail-canvas', entry.target).textContent = 'Gagal'; }\\n\n }), {root: list, rootMargin: '100px'});\\n\n for (let number = 1; number <= state.total; number++) {\\n\n const button = document.createElement('button');\\n\n button.type = 'button';\\n\n button.className = 'filmstrip-thumbnail';\\n\n button.dataset.page = number;\\n\n button.innerHTML = `<span class=\"thumbnail-canvas\"><i></i></span><b>${number}</b>`;\\n\n button.addEventListener('click', () => goToPage(number));\\n\n list.append(button);\\n\n observer.observe(button);\\n\n }\\n\n }\\n\n\\n\n async function setupOutline() {\\n\n const container = $('[data-outline-list]');\\n\n const outline = await state.pdf.getOutline();\\n\n if (!outline?.length) {\\n\n container.innerHTML = '<p class=\"reader-muted\">Dokumen ini tidak memiliki daftar isi tertanam.</p>';\\n\n return;\\n\n }\\n\n container.replaceChildren();\\n\n const append = (items, depth = 0) => items.forEach(item => {\\n\n const button = document.createElement('button');\\n\n button.type = 'button'; button.textContent = item.title; button.style.setProperty('--outline-depth', depth);\\n\n button.addEventListener('click', async () => {\\n\n let destination = item.dest;\\n\n if (typeof destination === 'string') destination = await state.pdf.getDestination(destination);\\n\n if (!destination) return;\\n\n const index = await state.pdf.getPageIndex(destination[0]);\\n\n goToPage(index + 1);\\n\n });\\n\n container.append(button);\\n\n if (item.items?.length) append(item.items, depth + 1);\\n\n });\\n\n append(outline);\\n\n }\\n\n\\n\n function renderBookmarks() {\\n\n const list = $('[data-bookmark-list]');\\n\n if (!state.bookmarks.length) {\\n\n list.innerHTML = '<p class=\"reader-muted\">Belum ada halaman yang ditandai.</p>';\\n\n return;\\n\n }\\n\n list.replaceChildren();\\n\n state.bookmarks.sort((a, b) => a.page - b.page).forEach(bookmark => {\\n\n const row = document.createElement('div');\\n\n row.className = 'bookmark-row';\\n\n row.innerHTML = `<button type=\"button\">${icons.bookmark}<span><strong></strong><small></small></span></button><button type=\"button\" class=\"bookmark-delete\" aria-label=\"Hapus bookmark\">\u00d7</button>`;\\n\n const bookmarkLabel = $('strong', row);\\n\n bookmarkLabel.textContent = bookmark.label || `Halaman ${bookmark.page}`;\\n\n $('small', row).textContent = `Halaman ${bookmark.page}`;\\n\n $('button', row).addEventListener('click', () => goToPage(bookmark.page));\\n\n $('.bookmark-delete', row).addEventListener('click', () => deleteBookmark(bookmark.page));\\n\n list.append(row);\\n\n });\\n\n }\\n\n\\n\n async function addBookmark() {\\n\n if (state.bookmarks.some(item => item.page === state.page)) return notify('Halaman ini sudah ditandai.');\\n\n const bookmark = {page: state.page, label: `Halaman ${state.page}`, note: null};\\n\n if (root.dataset.authenticated === 'true') {\\n\n try {\\n\n const data = await api(root.dataset.bookmarkUrl, {method: 'POST', body: JSON.stringify(bookmark)});\\n\n state.bookmarks.push(data.bookmark);\\n\n } catch (error) { return notify(error.message); }\\n\n } else {\\n\n state.bookmarks.push(bookmark);\\n\n localStorage.setItem(`reader:bookmarks:${root.dataset.bookSlug}`, JSON.stringify(state.bookmarks));\\n\n }\\n\n renderBookmarks(); notify('Halaman ditambahkan ke bookmark.');\\n\n }\\n\n\\n\n async function deleteBookmark(page) {\\n\n if (root.dataset.authenticated === 'true') {\\n\n try { await api(`${root.dataset.bookmarkUrl}/${page}`, {method: 'DELETE'}); }\\n\n catch (error) { return notify(error.message); }\\n\n }\\n\n state.bookmarks = state.bookmarks.filter(item => item.page !== page);\\n\n localStorage.setItem(`reader:bookmarks:${root.dataset.bookSlug}`, JSON.stringify(state.bookmarks));\\n\n renderBookmarks();\\n\n }\\n\n\\n\n async function searchDocument(query) {\\n\n const results = $('[data-search-results]');\\n\n results.innerHTML = '<p class=\"reader-muted\">Mencari di seluruh dokumen\u2026</p>';\\n\n const matches = [];\\n\n for (let number = 1; number <= state.total; number++) {\\n\n const page = await getPage(number);\\n\n const content = await page.getTextContent();\\n\n const text = content.items.map(item => item.str).join(' ');\\n\n const index = text.toLocaleLowerCase('id').indexOf(query.toLocaleLowerCase('id'));\\n\n if (index >= 0) matches.push({page: number, excerpt: text.slice(Math.max(0, index - 45), index + query.length + 70)});\\n\n }\\n\n if (!matches.length) { results.innerHTML = `<p class=\"reader-muted\">Tidak ada hasil untuk \u201c${escapeHtml(query)}\u201d.</p>`; return; }\\n\n results.replaceChildren();\\n\n matches.forEach(match => {\\n\n const button = document.createElement('button');\\n\n button.type = 'button'; button.innerHTML = `<strong>Halaman ${match.page}</strong><span>${escapeHtml(match.excerpt)}</span>`;\\n\n button.addEventListener('click', () => goToPage(match.page));\\n\n results.append(button);\\n\n });\\n\n }\\n\n\\n\n function escapeHtml(text) {\\n\n const div = document.createElement('div'); div.textContent = text; return div.innerHTML;\\n\n }\\n\n\\n\n function setupShare() {\\n\n const dialog = $('[data-share-dialog]');\\n\n const url = new URL(root.dataset.bookUrl);\\n\n url.pathname = `${url.pathname}/baca`;\\n\n url.searchParams.set('page', state.page);\\n\n $('[data-share-url]').value = url.toString();\\n\n const encodedUrl = encodeURIComponent(url.toString());\\n\n const encodedTitle = encodeURIComponent(root.dataset.bookTitle);\\n\n $('[data-share=\"whatsapp\"]').href = `https://wa.me/?text=${encodedTitle}%20${encodedUrl}`;\\n\n $('[data-share=\"facebook\"]').href = `https://www.facebook.com/sharer/sharer.php?u=${encodedUrl}`;\\n\n $('[data-share=\"x\"]').href = `https://x.com/intent/post?text=${encodedTitle}&url=${encodedUrl}`;\\n\n $('[data-share=\"email\"]').href = `mailto:?subject=${encodedTitle}&body=${encodedUrl}`;\\n\n const qr = $('[data-qr]'); qr.replaceChildren();\\n\n if (window.QRCode) new window.QRCode(qr, {text: url.toString(), width: 176, height: 176, colorDark: '#0f2747', colorLight: '#ffffff'});\\n\n dialog.showModal();\\n\n }\\n\n\\n\n function scheduleProgress() {\\n\n clearTimeout(progressTimer);\\n\n progressTimer = setTimeout(() => { saveProgress(); saveAnalytics(); }, 700);\\n\n }\\n\n\\n\n async function saveProgress() {\\n\n if (root.dataset.authenticated !== 'true') return;\\n\n const now = Date.now();\\n\n const delta = Math.max(0, Math.min(300, Math.round((now - state.lastProgressAt) / 1000)));\\n\n state.lastProgressAt = now;\\n\n try { await api(root.dataset.progressUrl, {method: 'PUT', body: JSON.stringify({page: state.page, duration_delta: delta})}); } catch { /* retry on next interaction */ }\\n\n }\\n\n\\n\n async function saveAnalytics(initial = false) {\\n\n const now = Date.now();\\n\n const delta = initial ? 0 : Math.max(0, Math.min(300, Math.round((now - state.lastAnalyticsAt) / 1000)));\\n\n state.lastAnalyticsAt = now;\\n\n try {\\n\n await api(root.dataset.analyticsUrl, {method: 'POST', body: JSON.stringify({session_key: state.readerSession, page: state.page, duration_delta: delta})});\\n\n } catch { /* analytics must never interrupt reading */ }\\n\n }\\n\n\\n\n async function perform(action) {\\n\n switch (action) {\\n\n case 'previous': return state.page > 1 ? goToPage(state.page - (state.mode === 'flip' && state.spread ? 2 : 1), 'previous') : null;\\n\n case 'next': return state.page + (state.mode === 'flip' && state.spread ? 1 : 0) < state.total ? goToPage(state.page + (state.mode === 'flip' && state.spread ? 2 : 1), 'next') : null;\\n\n case 'zoom-in': state.zoom = Math.min(3, state.zoom + 0.15); return state.mode === 'flip' ? initFlipBook() : showMode();\\n\n case 'zoom-out': state.zoom = Math.max(0.5, state.zoom - 0.15); return state.mode === 'flip' ? initFlipBook() : showMode();\\n\n case 'scroll-thumbnails-prev': filmstripTrack.scrollBy({left: -Math.max(220, filmstripTrack.clientWidth * .7), behavior: state.reduced ? 'auto' : 'smooth'}); return;\\n\n case 'scroll-thumbnails-next': filmstripTrack.scrollBy({left: Math.max(220, filmstripTrack.clientWidth * .7), behavior: state.reduced ? 'auto' : 'smooth'}); return;\\n\n case 'fit-width': return setFitMode('width');\\n\n case 'fit-page': return setFitMode('page');\\n\n case 'toggle-mode': state.mode = state.mode === 'flip' ? 'scroll' : 'flip'; return showMode(true);\\n\n case 'toggle-spread':\\n\n state.spread = !state.spread;\\n\n state.spreadPreference = state.spread;\\n\n state.mode = 'flip';\\n\n state.pageFlip?.destroy();\\n\n state.pageFlip = null;\\n\n return initFlipBook();\\n\n case 'toggle-sidebar': setSidebarOpen(!state.sidebar, {restoreFocus: state.sidebar}); return showMode();\\n\n case 'open-panel': return;\\n\n case 'fullscreen': return document.fullscreenElement ? document.exitFullscreen() : root.requestFullscreen();\\n\n case 'share': return setupShare();\\n\n case 'copy-link': await navigator.clipboard.writeText($('[data-share-url]').value); return notify('Tautan berhasil disalin.');\\n\n case 'add-bookmark': return addBookmark();\\n\n case 'theme': document.documentElement.dataset.readerTheme = document.documentElement.dataset.readerTheme === 'dark' ? 'light' : 'dark'; return;\\n\n case 'reduced-motion': state.reduced = !state.reduced; root.classList.toggle('reduce-motion', state.reduced); return notify(state.reduced ? 'Animasi dikurangi.' : 'Animasi diaktifkan.');\\n\n case 'more': return setMoreMenuOpen(moreMenu.hidden, {focusMenu: moreMenu.hidden});\\n\n case 'favorite': {\\n\n if (root.dataset.authenticated !== 'true') return notify('Masuk sebagai anggota untuk menyimpan favorit.');\\n\n const favoriteButtons = $$('[data-action=\"favorite\"]'); const active = favoriteButtons.some(button => button.getAttribute('aria-pressed') === 'true');\\n\n try { await api(root.dataset.favoriteUrl, {method: active ? 'DELETE' : 'PUT'}); favoriteButtons.forEach(button => button.setAttribute('aria-pressed', String(!active))); notify(active ? 'Dihapus dari favorit.' : 'Disimpan ke favorit.'); }\\n\n catch (error) { notify(error.message); } return;\\n\n }\\n\n case 'print': window.open(root.dataset.documentUrl, '_blank', 'noopener'); return notify('Gunakan perintah cetak pada tab dokumen.');\\n\n case 'retry': errorBox.hidden = true; return loadPdf();\\n\n }\\n\n }\\n\n\\n\n function bindEvents() {\\n\n root.addEventListener('click', event => {\\n\n const control = event.target.closest('[data-action]');\\n\n if (control) {\\n\n event.preventDefault();\\n\n if (control.dataset.panelTrigger) openPanel(control.dataset.panelTrigger);\\n\n if (control.dataset.action !== 'more' && !moreMenu.hidden) {\\n\n setMoreMenuOpen(false, {restoreFocus: control.dataset.action !== 'share'});\\n\n }\\n\n perform(control.dataset.action);\\n\n }\\n\n });\\n\n pageInput.addEventListener('change', () => goToPage(pageInput.value));\\n\n pageInput.addEventListener('keydown', event => {\\n\n if (event.key === 'Enter') {\\n\n event.preventDefault();\\n\n goToPage(pageInput.value);\\n\n pageInput.select();\\n\n }\\n\n });\\n\n zoomRange.addEventListener('input', () => {\\n\n state.zoom = Number(zoomRange.value) / 100;\\n\n $('[data-zoom-label]').textContent = `${zoomRange.value}%`;\\n\n clearTimeout(window.readerZoomTimer);\\n\n window.readerZoomTimer = setTimeout(() => showMode(), 90);\\n\n });\\n\n $$('.reader-tabs [role=\"tab\"]').forEach(tab => tab.addEventListener('click', () => {\\n\n $$('.reader-tabs [role=\"tab\"]').forEach(item => item.setAttribute('aria-selected', String(item === tab)));\\n\n $$('.reader-panel').forEach(panel => panel.classList.toggle('is-active', panel.dataset.panel === tab.dataset.tab));\\n\n }));\\n\n $('[data-search-form]').addEventListener('submit', event => {\\n\n event.preventDefault(); const query = new FormData(event.currentTarget).get('query') || $('#reader-search').value.trim();\\n\n if (query.length >= 2) searchDocument(query);\\n\n });\\n\n $('#reader-search').name = 'query';\\n\n window.addEventListener('keydown', event => {\\n\n if (event.key === 'Escape' && !moreMenu.hidden) {\\n\n event.preventDefault();\\n\n setMoreMenuOpen(false, {restoreFocus: true});\\n\n return;\\n\n }\\n\n if (event.key === 'Escape' && state.sidebar) {\\n\n event.preventDefault();\\n\n setSidebarOpen(false, {restoreFocus: true});\\n\n return;\\n\n }\\n\n if (event.target.matches('input, textarea')) return;\\n\n if (event.key === 'ArrowLeft') perform('previous');\\n\n if (event.key === 'ArrowRight' || event.key === ' ') { event.preventDefault(); perform('next'); }\\n\n if (event.key === '+' || event.key === '=') perform('zoom-in');\\n\n if (event.key === '-') perform('zoom-out');\\n\n if (event.key.toLowerCase() === 'f') perform('fullscreen');\\n\n });\\n\n let touchStart = 0;\\n\n stage.addEventListener('touchstart', event => { touchStart = event.changedTouches[0].clientX; }, {passive: true});\\n\n stage.addEventListener('touchend', event => {\\n\n const distance = event.changedTouches[0].clientX - touchStart;\\n\n if (state.mode === 'flip' && Math.abs(distance) > 55) perform(distance < 0 ? 'next' : 'previous');\\n\n }, {passive: true});\\n\n window.addEventListener('resize', () => {\\n\n clearTimeout(window.readerResizeTimer);\\n\n window.readerResizeTimer = setTimeout(() => {\\n\n const compact = window.matchMedia('(max-width: 767px)').matches;\\n\n state.spread = compact ? false : (state.spreadPreference ?? true);\\n\n if (compact) state.mode = 'flip';\\n\n showMode(true);\\n\n }, 180);\\n\n });\\n\n window.addEventListener('beforeunload', () => saveProgress());\\n\n moreMenu.addEventListener('keydown', event => {\\n\n if (!['ArrowDown', 'ArrowUp', 'Home', 'End'].includes(event.key)) return;\\n\n const items = $$('[role=\"menuitem\"]:not([disabled])', moreMenu);\\n\n if (!items.length) return;\\n\n event.preventDefault();\\n\n const current = Math.max(0, items.indexOf(document.activeElement));\\n\n const target = event.key === 'Home'\\n\n ? items[0]\\n\n : event.key === 'End'\\n\n ? items.at(-1)\\n\n : items[(current + (event.key === 'ArrowDown' ? 1 : -1) + items.length) % items.length];\\n\n target.focus();\\n\n });\\n\n moreMenu.addEventListener('focusout', () => {\\n\n requestAnimationFrame(() => {\\n\n if (!moreMenu.hidden && !moreMenu.contains(document.activeElement) && document.activeElement !== moreButton) {\\n\n setMoreMenuOpen(false);\\n\n }\\n\n });\\n\n });\\n\n document.addEventListener('click', event => {\\n\n if (!moreMenu.hidden && !moreMenu.contains(event.target) && !moreButton.contains(event.target)) setMoreMenuOpen(false);\\n\n });\\n\n }\\n\n\\n\n function openPanel(panelName) {\\n\n setSidebarOpen(true);\\n\n $$('.reader-tabs [role=\"tab\"]').forEach(item => item.setAttribute('aria-selected', String(item.dataset.tab === panelName)));\\n\n $$('.reader-panel').forEach(panel => panel.classList.toggle('is-active', panel.dataset.panel === panelName));\\n\n if (panelName === 'search') requestAnimationFrame(() => $('#reader-search')?.focus());\\n\n showMode();\\n\n }\\n\n\\n\n function setSidebarOpen(open, {restoreFocus = false} = {}) {\\n\n state.sidebar = open;\\n\n root.classList.toggle('sidebar-closed', !open);\\n\n sidebar.inert = !open;\\n\n sidebar.setAttribute('aria-hidden', String(!open));\\n\n sidebarToggle.setAttribute('aria-expanded', String(open));\\n\n if (!open && restoreFocus) sidebarToggle.focus();\\n\n }\\n\n\\n\n function setFitMode(mode) {\\n\n state.fit = mode;\\n\n state.zoom = 1;\\n\n root.classList.toggle('fit-width-active', mode === 'width');\\n\n return state.mode === 'flip' ? initFlipBook() : showMode();\\n\n }\\n\n\\n\n function setMoreMenuOpen(open, {restoreFocus = false, focusMenu = false} = {}) {\\n\n moreMenu.hidden = !open;\\n\n moreButton.setAttribute('aria-expanded', String(open));\\n\n if (open && focusMenu) requestAnimationFrame(() => $('[role=\"menuitem\"]', moreMenu)?.focus());\\n\n if (!open && restoreFocus) moreButton.focus();\\n\n }\\n\n\\n\n async function loadPdf() {\\n\n loading.hidden = false; errorBox.hidden = true;\\n\n try {\\n\n const pdfjs = await import(/* @vite-ignore */ '/vendor/pdfjs/pdf.min.mjs');\\n\n pdfjs.GlobalWorkerOptions.workerSrc = '/vendor/pdfjs/pdf.worker.min.mjs';\\n\n state.pdf = await pdfjs.getDocument({url: root.dataset.documentUrl, withCredentials: true}).promise;\\n\n state.total = state.pdf.numPages;\\n\n state.page = Math.max(1, Math.min(state.page || Number(localStorage.getItem(`reader:last-page:${root.dataset.bookSlug}`)) || 1, state.total));\\n\n if (root.dataset.authenticated !== 'true' && !state.bookmarks.length) state.bookmarks = JSON.parse(localStorage.getItem(`reader:bookmarks:${root.dataset.bookSlug}`) || '[]');\\n\n loading.hidden = true;\\n\n setupThumbnails(); setupOutline(); renderBookmarks(); await showMode(true); saveAnalytics(true);\\n\n } catch (error) { showError(error); }\\n\n }\\n\n\\n\n bindEvents();\\n\n loadPdf();\\n\n}\\n\n' [UTF-8](length: 32980) contains \"page-turn-overlay\" [ASCII](length: 17)."},{"test":"Tests\\Feature\\Reader\\ReaderExperienceContractTest::test_reader_uses_a_classic_flipbook_workspace_with_toolbar_filmstrip_and_status_bar","file":"D:\\2026\\E- ABSEN\\Perpustakaan\\tests\\Feature\\Reader\\ReaderExperienceContractTest.php","line":9,"message":"Failed asserting that ':root {\\n\n color-scheme: dark;\\n\n --reader-bg: #303030;\\n\n --reader-chrome: #171717;\\n\n --reader-chrome-soft: #222;\\n\n --reader-status: #061f3d;\\n\n --reader-text: #f8fafc;\\n\n --reader-muted: #aeb7c2;\\n\n --reader-line: rgba(255, 255, 255, .14);\\n\n --reader-red: #d71920;\\n\n --reader-red-soft: #ef3e45;\\n\n --reader-focus: #ffca28;\\n\n --reader-paper-shadow: 0 16px 42px rgba(0, 0, 0, .52);\\n\n font-family: 'Instrument Sans', ui-sans-serif, system-ui, sans-serif;\\n\n}\\n\n\\n\n* { box-sizing: border-box; }\\n\nhtml, body { width: 100%; height: 100%; margin: 0; overflow: hidden; }\\n\nbutton, input { font: inherit; }\\n\nbutton, a { -webkit-tap-highlight-color: transparent; }\\n\nbutton { border: 0; }\\n\n[hidden] { display: none !important; }\\n\n\\n\n.reader-body { color: var(--reader-text); background: var(--reader-bg); }\\n\n.reader-app {\\n\n position: relative;\\n\n display: grid;\\n\n width: 100vw;\\n\n height: 100dvh;\\n\n grid-template-rows: 58px minmax(0, 1fr) 154px 48px;\\n\n overflow: hidden;\\n\n isolation: isolate;\\n\n background: var(--reader-bg);\\n\n}\\n\n\\n\n.sr-only {\\n\n position: absolute;\\n\n width: 1px;\\n\n height: 1px;\\n\n padding: 0;\\n\n margin: -1px;\\n\n overflow: hidden;\\n\n clip: rect(0, 0, 0, 0);\\n\n white-space: nowrap;\\n\n border: 0;\\n\n}\\n\n\\n\n.reader-skip {\\n\n position: fixed;\\n\n z-index: 100;\\n\n top: .5rem;\\n\n left: .5rem;\\n\n padding: .65rem .9rem;\\n\n color: #fff;\\n\n background: var(--reader-red);\\n\n border-radius: .35rem;\\n\n transform: translateY(-160%);\\n\n}\\n\n.reader-skip:focus { transform: translateY(0); }\\n\n\\n\n/* Compact FlowPaper-inspired control rail, rebuilt for this application. */\\n\n.reader-control-bar {\\n\n z-index: 30;\\n\n display: grid;\\n\n grid-template-columns: minmax(250px, 1fr) auto minmax(230px, 1fr);\\n\n align-items: center;\\n\n gap: 1rem;\\n\n min-width: 0;\\n\n padding: 0 18px;\\n\n color: var(--reader-text);\\n\n background: linear-gradient(180deg, #1b1b1b 0%, var(--reader-chrome) 100%);\\n\n border-bottom: 1px solid var(--reader-line);\\n\n box-shadow: 0 3px 12px rgba(0, 0, 0, .28);\\n\n}\\n\n.reader-control-group { display: flex; align-items: center; min-width: 0; }\\n\n.reader-control-primary { justify-content: flex-start; }\\n\n.reader-zoom-controls { justify-content: center; gap: 3px; }\\n\n.reader-page-controls { justify-content: flex-end; gap: 3px; }\\n\n.reader-control-primary > * + * { border-left: 1px solid var(--reader-line); }\\n\n\\n\n.reader-tool {\\n\n display: inline-flex;\\n\n align-items: center;\\n\n justify-content: center;\\n\n gap: 8px;\\n\n min-width: 40px;\\n\n min-height: 40px;\\n\n padding: 0 12px;\\n\n color: inherit;\\n\n text-decoration: none;\\n\n background: transparent;\\n\n border-radius: 3px;\\n\n cursor: pointer;\\n\n transition: color .16s ease, background .16s ease;\\n\n}\\n\n.reader-tool svg,\\n\n.reader-status-actions svg,\\n\n.filmstrip-scroll svg,\\n\n.page-edge svg {\\n\n width: 21px;\\n\n height: 21px;\\n\n fill: none;\\n\n stroke: currentColor;\\n\n stroke-width: 1.8;\\n\n stroke-linecap: round;\\n\n stroke-linejoin: round;\\n\n}\\n\n.reader-tool:hover { color: #fff; background: rgba(255, 255, 255, .1); }\\n\n.reader-tool:disabled { opacity: .25; cursor: default; }\\n\n.reader-tool-icon { width: 40px; padding: 0; }\\n\n.reader-tool span { font-size: .78rem; font-weight: 600; white-space: nowrap; }\\n\n\\n\n.reader-zoom-range { display: flex; width: 128px; margin: 0 4px; }\\n\n.reader-zoom-range input {\\n\n width: 100%;\\n\n height: 3px;\\n\n margin: 0;\\n\n appearance: none;\\n\n background: rgba(255, 255, 255, .28);\\n\n border-radius: 999px;\\n\n accent-color: #fff;\\n\n cursor: pointer;\\n\n}\\n\n.reader-zoom-range input::-webkit-slider-thumb {\\n\n width: 13px;\\n\n height: 13px;\\n\n appearance: none;\\n\n background: #fff;\\n\n border: 0;\\n\n border-radius: 50%;\\n\n box-shadow: 0 1px 4px rgba(0, 0, 0, .45);\\n\n}\\n\n.reader-zoom-label { min-width: 42px; color: #fff; font-size: .72rem; font-weight: 600; text-align: center; }\\n\n\\n\n.reader-page-input { display: inline-flex; align-items: center; gap: 7px; color: var(--reader-muted); font-size: .75rem; }\\n\n.reader-page-input input {\\n\n width: 50px;\\n\n height: 32px;\\n\n padding: 0 6px;\\n\n color: #111827;\\n\n font-weight: 600;\\n\n text-align: center;\\n\n background: #fff;\\n\n border: 1px solid rgba(255, 255, 255, .55);\\n\n border-radius: 4px;\\n\n outline: 0;\\n\n appearance: textfield;\\n\n}\\n\n.reader-page-input input::-webkit-inner-spin-button { appearance: none; }\\n\n.reader-page-input b { color: #fff; font-weight: 500; }\\n\n\\n\n.reader-stage {\\n\n position: relative;\\n\n grid-row: 2;\\n\n min-width: 0;\\n\n min-height: 0;\\n\n overflow: hidden;\\n\n background: #303030;\\n\n}\\n\n.flip-viewport,\\n\n.scroll-viewport { width: 100%; height: 100%; }\\n\n.flip-viewport { overflow: hidden; display: grid; place-items: center; background: #303030; }\\n\n.flip-viewport .flip-book { display: flex; align-items: center; justify-content: center; width: 100%; height: 100%; }\\n\n.flip-viewport .flip-page { position: relative; display: grid; place-items: center; overflow: hidden; background: #fff; box-shadow: var(--reader-paper-shadow); }\\n\n.flip-viewport .flip-page img { display: block; max-width: none; height: auto; background: #fff; pointer-events: none; user-select: none; -webkit-user-drag: none; }\\n\n.page-loading,\\n\n.page-failed { display: grid; min-width: 260px; min-height: 360px; place-items: center; color: #64748b; font-size: .82rem; }\\n\n\\n\n.page-edge {\\n\n position: absolute;\\n\n z-index: 8;\\n\n top: 50%;\\n\n display: grid;\\n\n width: 72px;\\n\n height: 110px;\\n\n padding: 0;\\n\n place-items: center;\\n\n color: rgba(255, 255, 255, .7);\\n\n background: transparent;\\n\n transform: translateY(-50%);\\n\n cursor: pointer;\\n\n transition: color .18s ease, transform .18s ease;\\n\n}\\n\n.page-edge svg { width: 58px; height: 58px; stroke-width: 1.1; }\\n\n.page-edge-left { left: 8px; }\\n\n.page-edge-right { right: 8px; }\\n\n.page-edge:hover { color: #fff; transform: translateY(-50%) scale(1.06); }\\n\n.page-edge:disabled { opacity: .12; cursor: default; }\\n\n\\n\n.reader-loading,\\n\n.reader-error {\\n\n position: absolute;\\n\n z-index: 12;\\n\n inset: 0;\\n\n display: grid;\\n\n place-content: center;\\n\n justify-items: center;\\n\n gap: 8px;\\n\n color: #fff;\\n\n text-align: center;\\n\n background: var(--reader-bg);\\n\n}\\n\n.reader-loading span {\\n\n width: 38px;\\n\n height: 38px;\\n\n border: 4px solid rgba(255, 255, 255, .16);\\n\n border-top-color: var(--reader-red-soft);\\n\n border-radius: 50%;\\n\n animation: reader-spin .8s linear infinite;\\n\n}\\n\n.reader-loading strong { font-size: .92rem; }\\n\n.reader-loading small { color: var(--reader-muted); }\\n\n.reader-error strong { font-size: 1.05rem; }\\n\n.reader-error p { margin: 0; color: var(--reader-muted); }\\n\n.reader-error button { padding: .65rem 1rem; color: #fff; background: var(--reader-red); border-radius: 4px; cursor: pointer; }\\n\n@keyframes reader-spin { to { transform: rotate(360deg); } }\\n\n\\n\n.scroll-viewport { display: grid; gap: 22px; overflow: auto; padding: 22px 8%; scroll-snap-type: y proximity; }\\n\n.scroll-page { display: grid; min-height: 75vh; place-items: start center; scroll-snap-align: start; }\\n\n.scroll-page canvas { display: block; max-width: 100%; height: auto; background: #fff; box-shadow: var(--reader-paper-shadow); }\\n\n\\n\n.reader-filmstrip {\\n\n z-index: 20;\\n\n display: grid;\\n\n grid-row: 3;\\n\n grid-template-columns: 58px minmax(0, 1fr) 58px;\\n\n min-width: 0;\\n\n min-height: 0;\\n\n background: linear-gradient(180deg, #232323 0%, #181818 100%);\\n\n border-top: 1px solid rgba(255, 255, 255, .09);\\n\n}\\n\n.filmstrip-track {\\n\n display: flex;\\n\n align-items: flex-start;\\n\n gap: 13px;\\n\n min-width: 0;\\n\n overflow-x: auto;\\n\n overflow-y: hidden;\\n\n padding: 11px 4px 8px;\\n\n scrollbar-width: thin;\\n\n scrollbar-color: rgba(255, 255, 255, .22) transparent;\\n\n scroll-behavior: smooth;\\n\n}\\n\n.filmstrip-scroll { display: grid; height: 100%; padding: 0; place-items: center; color: #cbd5e1; background: transparent; cursor: pointer; }\\n\n.filmstrip-scroll:hover { color: #fff; background: rgba(255, 255, 255, .05); }\\n\n.filmstrip-scroll svg { width: 34px; height: 34px; }\\n\n.filmstrip-thumbnail {\\n\n position: relative;\\n\n display: grid;\\n\n flex: 0 0 94px;\\n\n grid-template-rows: 106px 22px;\\n\n gap: 4px;\\n\n padding: 3px;\\n\n color: #cbd5e1;\\n\n background: transparent;\\n\n border: 2px solid transparent;\\n\n border-radius: 3px;\\n\n cursor: pointer;\\n\n scroll-margin-inline: 24px;\\n\n}\\n\n.filmstrip-thumbnail.is-current { color: #fff; border-color: var(--reader-red); box-shadow: 0 0 0 1px rgba(255, 255, 255, .12); }\\n\n.thumbnail-canvas { display: grid; width: 84px; height: 106px; place-items: center; overflow: hidden; background: #f8fafc; box-shadow: 0 3px 9px rgba(0, 0, 0, .4); }\\n\n.thumbnail-canvas canvas { display: block; max-width: 100%; max-height: 100%; width: auto !important; height: auto !important; }\\n\n.thumbnail-canvas i { width: 18px; height: 18px; border: 2px solid #cbd5e1; border-top-color: var(--reader-red); border-radius: 50%; animation: reader-spin .8s linear infinite; }\\n\n.filmstrip-thumbnail b { align-self: center; font-size: .72rem; font-weight: 500; text-align: center; }\\n\n\\n\n.reader-status-bar {\\n\n z-index: 25;\\n\n display: grid;\\n\n grid-row: 4;\\n\n grid-template-columns: minmax(250px, 1fr) minmax(0, 1.4fr) minmax(230px, 1fr);\\n\n align-items: center;\\n\n gap: 1rem;\\n\n padding: 0 22px;\\n\n color: #fff;\\n\n background: linear-gradient(90deg, #061b35, var(--reader-status), #071a31);\\n\n border-top: 1px solid rgba(255, 255, 255, .13);\\n\n}\\n\n.reader-brand { display: inline-flex; align-items: center; gap: 10px; min-width: 0; color: #fff; text-decoration: none; }\\n\n.reader-brand img { width: 30px; height: 30px; object-fit: contain; }\\n\n.reader-brand strong { overflow: hidden; font-size: .8rem; text-overflow: ellipsis; white-space: nowrap; }\\n\n.reader-document-title { overflow: hidden; font-size: .78rem; font-weight: 500; text-align: center; text-overflow: ellipsis; white-space: nowrap; }\\n\n.reader-status-actions { display: flex; align-items: center; justify-content: flex-end; gap: 9px; color: #e2e8f0; font-size: .75rem; }\\n\n.reader-status-actions button { display: grid; width: 34px; height: 34px; padding: 0; place-items: center; color: inherit; background: transparent; border-left: 1px solid rgba(255, 255, 255, .16); cursor: pointer; }\\n\n.reader-status-actions button:hover { color: #fff; }\\n\n\\n\n.reader-sidebar {\\n\n position: absolute;\\n\n z-index: 45;\\n\n top: 58px;\\n\n bottom: 48px;\\n\n left: 0;\\n\n display: grid;\\n\n width: min(390px, 92vw);\\n\n grid-template-rows: 50px minmax(0, 1fr);\\n\n color: #e2e8f0;\\n\n background: rgba(26, 26, 26, .98);\\n\n border-right: 1px solid var(--reader-line);\\n\n box-shadow: 16px 0 34px rgba(0, 0, 0, .4);\\n\n transition: transform .2s ease;\\n\n}\\n\n.sidebar-closed .reader-sidebar { transform: translateX(-102%); }\\n\n.reader-tabs { display: grid; grid-template-columns: repeat(3, 1fr); border-bottom: 1px solid var(--reader-line); }\\n\n.reader-tabs button { color: var(--reader-muted); background: transparent; border-bottom: 2px solid transparent; cursor: pointer; }\\n\n.reader-tabs button[aria-selected='true'] { color: #fff; border-bottom-color: var(--reader-red); }\\n\n.reader-panel { display: none; min-height: 0; overflow: auto; padding: 18px; }\\n\n.reader-panel.is-active { display: block; }\\n\n.reader-panel-heading { display: flex; align-items: center; justify-content: space-between; gap: 12px; margin-bottom: 16px; }\\n\n.reader-panel-heading span { display: block; color: var(--reader-muted); font-size: .72rem; }\\n\n.reader-panel-heading button { padding: .45rem .65rem; color: #fff; background: var(--reader-red); border-radius: 3px; cursor: pointer; }\\n\n.reader-muted { color: var(--reader-muted); font-size: .82rem; }\\n\n.outline-list,\\n\n.search-results,\\n\n.bookmark-list { display: grid; gap: 8px; }\\n\n.outline-list button,\\n\n.search-results button,\\n\n.bookmark-row { width: 100%; padding: 11px; color: #e2e8f0; text-align: left; background: #252525; border: 1px solid var(--reader-line); border-radius: 3px; cursor: pointer; }\\n\n.outline-list button { padding-left: calc(11px + var(--outline-depth, 0) * 14px); }\\n\n.search-results button { display: grid; gap: 4px; }\\n\n.search-results span { color: var(--reader-muted); font-size: .76rem; }\\n\n.reader-search-form { display: grid; gap: 8px; margin-bottom: 16px; }\\n\n.reader-search-form label { font-size: .8rem; font-weight: 600; }\\n\n.reader-search-form div { display: grid; grid-template-columns: 1fr auto; }\\n\n.reader-search-form input { min-width: 0; padding: .7rem; color: #fff; background: #242424; border: 1px solid var(--reader-line); border-radius: 3px 0 0 3px; }\\n\n.reader-search-form button { padding: 0 .85rem; color: #fff; background: var(--reader-red); border-radius: 0 3px 3px 0; cursor: pointer; }\\n\n.bookmark-row { display: grid; grid-template-columns: 1fr auto; gap: 8px; }\\n\n.bookmark-row > button { display: flex; align-items: center; gap: 9px; color: inherit; text-align: left; background: transparent; cursor: pointer; }\\n\n.bookmark-row svg { width: 18px; height: 18px; fill: none; stroke: currentColor; stroke-width: 1.7; }\\n\n.bookmark-row span { display: grid; }\\n\n.bookmark-row small { color: var(--reader-muted); }\\n\n.bookmark-delete { font-size: 1.2rem; }\\n\n\\n\n.reader-popover {\\n\n position: fixed;\\n\n z-index: 70;\\n\n top: 52px;\\n\n right: 12px;\\n\n display: grid;\\n\n width: 228px;\\n\n max-height: calc(100dvh - 70px);\\n\n overflow: auto;\\n\n padding: 6px;\\n\n background: #202020;\\n\n border: 1px solid rgba(255, 255, 255, .18);\\n\n border-radius: 4px;\\n\n box-shadow: 0 16px 40px rgba(0, 0, 0, .5);\\n\n}\\n\n.reader-popover button,\\n\n.reader-popover a { padding: .68rem .75rem; color: #e2e8f0; text-align: left; text-decoration: none; background: transparent; border-radius: 3px; cursor: pointer; }\\n\n.reader-popover button:hover,\\n\n.reader-popover a:hover { color: #fff; background: rgba(255, 255, 255, .09); }\\n\n\\n\n.reader-dialog { width: min(680px, calc(100vw - 32px)); padding: 24px; color: #172033; background: #fff; border: 0; border-radius: 6px; box-shadow: 0 24px 70px rgba(0, 0, 0, .55); }\\n\n.reader-dialog::backdrop { background: rgba(0, 0, 0, .72); }\\n\n.reader-dialog-close { position: absolute; top: 10px; right: 12px; color: #475569; font-size: 1.6rem; background: transparent; cursor: pointer; }\\n\n.share-grid { display: grid; grid-template-columns: 1fr 190px; gap: 24px; }\\n\n.share-grid h2 { margin: 0 0 6px; color: #0f2747; }\\n\n.share-grid p { margin: 0 0 18px; color: #64748b; }\\n\n.share-grid label { display: block; margin-bottom: 6px; font-size: .78rem; font-weight: 600; }\\n\n.share-copy { display: grid; grid-template-columns: 1fr auto; }\\n\n.share-copy input { min-width: 0; padding: .7rem; border: 1px solid #cbd5e1; border-radius: 4px 0 0 4px; }\\n\n.share-copy button { padding: 0 .85rem; color: #fff; background: var(--reader-red); border-radius: 0 4px 4px 0; cursor: pointer; }\\n\n.share-links { display: flex; flex-wrap: wrap; gap: 7px; margin-top: 12px; }\\n\n.share-links a { padding: .45rem .65rem; color: #0f2747; text-decoration: none; background: #eef2f7; border-radius: 3px; }\\n\n.share-qr { display: grid; place-items: center; }\\n\n\\n\n.reader-toast { position: fixed; z-index: 90; right: 18px; bottom: 58px; max-width: min(360px, calc(100vw - 36px)); padding: .75rem 1rem; color: #fff; background: #111827; border-left: 3px solid var(--reader-red); border-radius: 3px; box-shadow: 0 12px 34px rgba(0, 0, 0, .4); opacity: 0; transform: translateY(10px); transition: opacity .18s ease, transform .18s ease; }\\n\n.reader-toast.is-visible { opacity: 1; transform: translateY(0); }\\n\n\\n\n:focus-visible { outline: 2px solid var(--reader-focus); outline-offset: 2px; }\\n\n\\n\nhtml[data-reader-theme='light'] {\\n\n color-scheme: light;\\n\n --reader-bg: #d9dde1;\\n\n --reader-chrome: #f7f7f7;\\n\n --reader-chrome-soft: #fff;\\n\n --reader-text: #172033;\\n\n --reader-muted: #64748b;\\n\n --reader-line: rgba(15, 39, 71, .16);\\n\n}\\n\nhtml[data-reader-theme='light'] .reader-control-bar { background: linear-gradient(180deg, #fff, #eef1f4); box-shadow: 0 3px 12px rgba(15, 39, 71, .12); }\\n\nhtml[data-reader-theme='light'] .reader-stage { background: #d9dde1; }\\n\nhtml[data-reader-theme='light'] .reader-tool:hover { color: #0f2747; background: rgba(15, 39, 71, .08); }\\n\nhtml[data-reader-theme='light'] .reader-page-input b,\\n\nhtml[data-reader-theme='light'] .reader-zoom-label { color: #172033; }\\n\nhtml[data-reader-theme='light'] .reader-filmstrip { background: linear-gradient(180deg, #eef1f4, #dfe3e7); }\\n\nhtml[data-reader-theme='light'] .filmstrip-scroll,\\n\nhtml[data-reader-theme='light'] .filmstrip-thumbnail { color: #475569; }\\n\nhtml[data-reader-theme='light'] .reader-sidebar { color: #172033; background: rgba(255, 255, 255, .98); }\\n\nhtml[data-reader-theme='light'] .outline-list button,\\n\nhtml[data-reader-theme='light'] .search-results button,\\n\nhtml[data-reader-theme='light'] .bookmark-row,\\n\nhtml[data-reader-theme='light'] .reader-search-form input { color: #172033; background: #f8fafc; }\\n\n\\n\n@media (max-width: 1100px) {\\n\n .reader-control-bar { grid-template-columns: minmax(160px, 1fr) auto minmax(160px, 1fr); gap: .4rem; padding-inline: 8px; }\\n\n .reader-tool { padding-inline: 8px; }\\n\n .reader-tool span { display: none; }\\n\n .reader-zoom-range { width: 92px; }\\n\n .reader-status-bar { grid-template-columns: minmax(160px, 1fr) minmax(0, 1.2fr) minmax(150px, 1fr); padding-inline: 14px; }\\n\n .flip-viewport { padding: 16px 48px; }\\n\n}\\n\n\\n\n@media (max-width: 767px) {\\n\n .reader-app { grid-template-rows: 48px minmax(0, 1fr) 104px 40px; }\\n\n .reader-control-bar { grid-template-columns: auto minmax(0, 1fr) auto; gap: 2px; padding: 0 5px; }\\n\n .reader-control-primary .reader-tool-optional,\\n\n .reader-zoom-controls .reader-tool-optional,\\n\n .reader-zoom-label { display: none; }\\n\n .reader-control-primary > * + * { border-left: 0; }\\n\n .reader-tool { min-width: 36px; min-height: 36px; padding: 0 7px; }\\n\n .reader-tool-icon { width: 36px; }\\n\n .reader-tool svg { width: 19px; height: 19px; }\\n\n .reader-zoom-range { width: min(22vw, 76px); }\\n\n .reader-page-input { gap: 4px; font-size: .68rem; }\\n\n .reader-page-input input { width: 40px; height: 29px; }\\n\n .reader-stage { grid-row: 2; }\\n\n .flip-viewport { padding: 10px 26px; }\\n\n .page-edge { width: 34px; height: 80px; }\\n\n .page-edge-left { left: 0; }\\n\n .page-edge-right { right: 0; }\\n\n .page-edge svg { width: 30px; height: 30px; }\\n\n .reader-filmstrip { grid-row: 3; grid-template-columns: 34px minmax(0, 1fr) 34px; }\\n\n .filmstrip-track { gap: 8px; padding-block: 7px 4px; }\\n\n .filmstrip-thumbnail { flex-basis: 61px; grid-template-rows: 68px 18px; gap: 2px; padding: 2px; }\\n\n .thumbnail-canvas { width: 53px; height: 68px; }\\n\n .filmstrip-scroll svg { width: 23px; height: 23px; }\\n\n .reader-status-bar { grid-row: 4; grid-template-columns: minmax(0, 1fr) auto; gap: 8px; padding: 0 9px; }\\n\n .reader-brand img { width: 25px; height: 25px; }\\n\n .reader-brand strong,\\n\n .reader-document-title { font-size: .7rem; }\\n\n .reader-document-title { display: none; }\\n\n .reader-status-actions span { display: none; }\\n\n .reader-status-actions button { width: 29px; height: 29px; }\\n\n .reader-sidebar { top: 48px; bottom: 40px; width: min(360px, 94vw); }\\n\n .reader-popover { top: 44px; right: 5px; }\\n\n .share-grid { grid-template-columns: 1fr; }\\n\n .share-qr { order: -1; }\\n\n .reader-toast { bottom: 48px; }\\n\n}\\n\n\\n\n@media (max-width: 430px) {\\n\n .reader-control-primary > a { display: none; }\\n\n .reader-zoom-controls > button:first-child { display: none; }\\n\n .reader-zoom-range { width: 58px; }\\n\n .reader-page-controls { gap: 0; }\\n\n .reader-page-controls .reader-tool { width: 32px; min-width: 32px; padding: 0; }\\n\n .reader-page-input input { width: 36px; }\\n\n .reader-brand strong { max-width: 180px; }\\n\n}\\n\n\\n\n@media (prefers-reduced-motion: reduce) {\\n\n *, *::before, *::after { scroll-behavior: auto !important; animation-duration: .01ms !important; animation-iteration-count: 1 !important; transition-duration: .01ms !important; }\\n\n}\\n\n.reduce-motion *,\\n\n.reduce-motion *::before,\\n\n.reduce-motion *::after { scroll-behavior: auto !important; animation-duration: .01ms !important; transition-duration: .01ms !important; }\\n\n\\n\n@media (forced-colors: active) {\\n\n .reader-control-bar,\\n\n .reader-filmstrip,\\n\n .reader-status-bar,\\n\n .reader-sidebar { border: 1px solid CanvasText; }\\n\n .filmstrip-thumbnail.is-current { outline: 3px solid Highlight; }\\n\n}\\n\n' [ASCII](length: 20113) contains \".fit-width-active .flip-viewport\" [ASCII](length: 32)."}],"errors":1,"error_details":[{"test":"Tests\\Feature\\Content\\CatalogSeederTest::test_catalog_seed_restores_soft_deleted_demo_records_without_duplicates","file":"D:\\2026\\E- ABSEN\\Perpustakaan\\tests\\Feature\\Content\\CatalogSeederTest.php","line":41,"message":"No query results for model [App\\Models\\Book] 1"}]}
